// Jest Snapshot v1, https://goo.gl/fbAQLP

exports[`stringifyAndReplaceMode stub data, with DEV mode 1`] = `
Object {
  "nameSpace2": Object {
    "feature20": Object {
      "enabled": "false",
    },
    "feature21": Object {
      "enabled": "false",
    },
  },
  "nameSpace3": Object {
    "feature30": Object {
      "enabled": "false",
    },
  },
  "namespace1": Object {
    "feature10": Object {
      "enabled": "true",
    },
    "feature11": Object {
      "enabled": "true",
    },
  },
}
`;

exports[`stringifyAndReplaceMode stub data, with PROD mode 1`] = `
Object {
  "nameSpace2": Object {
    "feature20": Object {
      "enabled": "true",
    },
    "feature21": Object {
      "enabled": "false",
    },
  },
  "nameSpace3": Object {
    "feature30": Object {
      "enabled": "false",
    },
  },
  "namespace1": Object {
    "feature10": Object {
      "enabled": "false",
    },
    "feature11": Object {
      "enabled": "true",
    },
  },
}
`;

exports[`stringifyAndReplaceMode stub data, with UNKNOWN_MODE mode 1`] = `
Object {
  "nameSpace2": Object {
    "feature20": Object {
      "enabled": "false",
    },
    "feature21": Object {
      "enabled": "false",
    },
  },
  "nameSpace3": Object {
    "feature30": Object {
      "enabled": "false",
    },
  },
  "namespace1": Object {
    "feature10": Object {
      "enabled": "false",
    },
    "feature11": Object {
      "enabled": "true",
    },
  },
}
`;

exports[`stringifyAndReplaceMode stub data, with added USER_EXTENDED_MODE mode 1`] = `
Object {
  "nameSpace2": Object {
    "feature20": Object {
      "enabled": "false",
    },
    "feature21": Object {
      "enabled": "false",
    },
  },
  "nameSpace3": Object {
    "feature30": Object {
      "enabled": "true",
    },
  },
  "namespace1": Object {
    "feature10": Object {
      "enabled": "false",
    },
    "feature11": Object {
      "enabled": "true",
    },
  },
}
`;
